Shodan Query Log
================================================================================
Query Time: 2026-01-23T04:43:47.721899
Hostname: stu.med.ncku.edu.tw
Total Results: 2
================================================================================

JSON Data:
{
  "query_time": "2026-01-23T04:43:47.721899",
  "hostname": "stu.med.ncku.edu.tw",
  "total": 2,
  "matches": [
    {
      "hash": -1254937090,
      "product": "nginx",
      "http": {
        "status": 200,
        "robots_hash": null,
        "redirects": [],
        "title_hash": null,
        "securitytxt": null,
        "title": null,
        "sitemap_hash": null,
        "robots": null,
        "dom_hash": 0,
        "headers_hash": 1454586199,
        "host": "140.116.60.225",
        "html": "",
        "server_hash": -1340961475,
        "location": "/",
        "components": {
          "Nginx": {
            "categories": [
              "Web servers",
              "Reverse proxies"
            ]
          }
        },
        "securitytxt_hash": null,
        "server": "nginx",
        "sitemap": null,
        "html_hash": 0
      },
      "os": null,
      "asn": "AS1659",
      "transport": "tcp",
      "timestamp": "2026-01-21T21:35:02.617311",
      "isp": "Taiwan Academic Network (TANet) Information Center",
      "cpe23": [
        "cpe:2.3:a:f5:nginx"
      ],
      "cpe": [
        "cpe:/a:f5:nginx"
      ],
      "_shodan": {
        "region": "eu",
        "module": "https",
        "ptr": true,
        "options": {},
        "id": "36cb930c-5ae2-445b-a03a-37e31b295d7a",
        "crawler": "f0a69a808ee1e7ed3468b22330f65929e8e0cde5"
      },
      "ssl": {
        "chain_sha256": [
          "64307216e66c58c8a7229ad009396b6b9d54004bd84dbc639d351059cefa3931",
          "83624fd338c8d9b023c18a67cb7a9c0519da43d11775b4c6cbdad45c3d997c52"
        ],
        "jarm": "27d27d27d29d27d00042d42d00000026a95928fa9b620834c2feff40bccb8f",
        "tlsext": [
          {
            "id": 43,
            "name": "supported_versions"
          },
          {
            "id": 51,
            "name": "key_share"
          },
          {
            "id": 0,
            "name": "server_name"
          }
        ],
        "chain": [
          "-----BEGIN CERTIFICATE-----\nMIIDkzCCAxqgAwIBAgISBU/rbqPQ8SeVWz3upi/3soi+MAoGCCqGSM49BAMDMDIx\nCzAJBgNVBAYTAlVTMRYwFAYDVQQKEw1MZXQncyBFbmNyeXB0MQswCQYDVQQDEwJF\nODAeFw0yNTEyMTcwMjU5NTlaFw0yNjAzMTcwMjU5NThaMB4xHDAaBgNVBAMTE3N0\ndS5tZWQubmNrdS5lZHUudHcwWTATBgcqhkjOPQIBBggqhkjOPQMBBwNCAASJ8k+W\n3cx9rvFeUEU+VOd9AaURPeyAdlkqXj356NSEmfQ83lRo/IAlXuftWOEqTNNBH4d8\nN+38lPf3lAKQsJAmo4ICIjCCAh4wDgYDVR0PAQH/BAQDAgeAMB0GA1UdJQQWMBQG\nCCsGAQUFBwMBBggrBgEFBQcDAjAMBgNVHRMBAf8EAjAAMB0GA1UdDgQWBBQVRbKI\nSvw7iULr4graQU2YlnUZ8jAfBgNVHSMEGDAWgBSPDROi9i5+0VBsMxg4XVmOI3KR\nyjAyBggrBgEFBQcBAQQmMCQwIgYIKwYBBQUHMAKGFmh0dHA6Ly9lOC5pLmxlbmNy\nLm9yZy8wHgYDVR0RBBcwFYITc3R1Lm1lZC5uY2t1LmVkdS50dzATBgNVHSAEDDAK\nMAgGBmeBDAECATAtBgNVHR8EJjAkMCKgIKAehhxodHRwOi8vZTguYy5sZW5jci5v\ncmcvNjMuY3JsMIIBBQYKKwYBBAHWeQIEAgSB9gSB8wDxAHcAyzj3FYl8hKFEX1vB\n3fvJbvKaWc1HCmkFhbDLFMMUWOcAAAGbKnWdMgAABAMASDBGAiEA0iO810ISFpm1\nKd0FWOtfnpEqxDZG6/RaiSuHOT/ShRACIQDbb+8stHx/DcmciLW8LQ7VYk0nHKuJ\n90bW9Ny+26IamQB2ANFuqaVoB35mNaA/N6XdvAOlPEESFNSIGPXpMbMjy5UEAAAB\nmyp1nf0AAAQDAEcwRQIhAPNISiMbKwniql35tjmuc7h/Foxk35EFr3hIV7H5udW3\nAiBHFhSx+HF7EcadvDklwE9SDgD1MCXebs2Ky15JyE8qCzAKBggqhkjOPQQDAwNn\nADBkAjAlYj2Rwnf/XxpRHXEHo2liZRlOQfg1GmU4IMcKU2e3hlY7RLCr91gZsbTo\nw9IHmlMCMHoKwKs7jtRkbz9svMsFkWwDNULEun7SDvHe3cfMicmihrCp9gtQiGPx\nf9dHmNXT0g==\n-----END CERTIFICATE-----\n",
          "-----BEGIN CERTIFICATE-----\nMIIEVjCCAj6gAwIBAgIQY5WTY8JOcIJxWRi/w9ftVjANBgkqhkiG9w0BAQsFADBP\nMQswCQYDVQQGEwJVUzEpMCcGA1UEChMgSW50ZXJuZXQgU2VjdXJpdHkgUmVzZWFy\nY2ggR3JvdXAxFTATBgNVBAMTDElTUkcgUm9vdCBYMTAeFw0yNDAzMTMwMDAwMDBa\nFw0yNzAzMTIyMzU5NTlaMDIxCzAJBgNVBAYTAlVTMRYwFAYDVQQKEw1MZXQncyBF\nbmNyeXB0MQswCQYDVQQDEwJFODB2MBAGByqGSM49AgEGBSuBBAAiA2IABNFl8l7c\nS7QMApzSsvru6WyrOq44ofTUOTIzxULUzDMMNMchIJBwXOhiLxxxs0LXeb5GDcHb\nR6EToMffgSZjO9SNHfY9gjMy9vQr5/WWOrQTZxh7az6NSNnq3u2ubT6HTKOB+DCB\n9TAOBgNVHQ8BAf8EBAMCAYYwHQYDVR0lBBYwFAYIKwYBBQUHAwIGCCsGAQUFBwMB\nMBIGA1UdEwEB/wQIMAYBAf8CAQAwHQYDVR0OBBYEFI8NE6L2Ln7RUGwzGDhdWY4j\ncpHKMB8GA1UdIwQYMBaAFHm0WeZ7tuXkAXOACIjIGlj26ZtuMDIGCCsGAQUFBwEB\nBCYwJDAiBggrBgEFBQcwAoYWaHR0cDovL3gxLmkubGVuY3Iub3JnLzATBgNVHSAE\nDDAKMAgGBmeBDAECATAnBgNVHR8EIDAeMBygGqAYhhZodHRwOi8veDEuYy5sZW5j\nci5vcmcvMA0GCSqGSIb3DQEBCwUAA4ICAQBnE0hGINKsCYWi0Xx1ygxD5qihEjZ0\nRI3tTZz1wuATH3ZwYPIp97kWEayanD1j0cDhIYzy4CkDo2jB8D5t0a6zZWzlr98d\nAQFNh8uKJkIHdLShy+nUyeZxc5bNeMp1Lu0gSzE4McqfmNMvIpeiwWSYO9w82Ob8\notvXcO2JUYi3svHIWRm3+707DUbL51XMcY2iZdlCq4Wa9nbuk3WTU4gr6LY8MzVA\naDQG2+4U3eJ6qUF10bBnR1uuVyDYs9RhrwucRVnfuDj29CMLTsplM5f5wSV5hUpm\nUwp/vV7M4w4aGunt74koX71n4EdagCsL/Yk5+mAQU0+tue0JOfAV/R6t1k+Xk9s2\nHMQFeoxppfzAVC04FdG9M+AC2JWxmFSt6BCuh3CEey3fE52Qrj9YM75rtvIjsm/1\nHl+u//Wqxnu1ZQ4jpa+VpuZiGOlWrqSP9eogdOhCGisnyewWJwRQOqK16wiGyZeR\nxs/Bekw65vwSIaVkBruPiTfMOo0Zh4gVa8/qJgMbJbyrwwG97z/PRgmLKCDl8z3d\ntA0Z7qq7fta0Gl24uyuB05dqI5J1LvAzKuWdIjT1tP8qCoxSE/xpix8hX2dt3h+/\njujUgFPFZ0EVZ0xSyBNRF3MboGZnYXFUxpNjTWPKpagDHJQmqrAcDmWJnMsFY3jS\nu1igv3OefnWjSQ==\n-----END CERTIFICATE-----\n"
        ],
        "versions": [
          "-TLSv1",
          "-SSLv2",
          "-SSLv3",
          "-TLSv1.1",
          "TLSv1.2",
          "TLSv1.3"
        ],
        "acceptable_cas": [],
        "alpn": [],
        "cert": {
          "sig_alg": "ecdsa-with-SHA384",
          "issued": "20251217025959Z",
          "expires": "20260317025958Z",
          "pubkey": {
            "bits": 256,
            "type": "dsa"
          },
          "version": 2,
          "extensions": [
            {
              "critical": true,
              "data": "\\x03\\x02\\x07\\x80",
              "name": "keyUsage"
            },
            {
              "data": "0\\x14\\x06\\x08+\\x06\\x01\\x05\\x05\\x07\\x03\\x01\\x06\\x08+\\x06\\x01\\x05\\x05\\x07\\x03\\x02",
              "name": "extendedKeyUsage"
            },
            {
              "critical": true,
              "data": "0\\x00",
              "name": "basicConstraints"
            },
            {
              "data": "\\x04\\x14\\x15E\\xb2\\x88J\\xfc;\\x89B\\xeb\\xe2\\n\\xdaAM\\x98\\x96u\\x19\\xf2",
              "name": "subjectKeyIdentifier"
            },
            {
              "data": "0\\x16\\x80\\x14\\x8f\\r\\x13\\xa2\\xf6.~\\xd1Pl3\\x188]Y\\x8e#r\\x91\\xca",
              "name": "authorityKeyIdentifier"
            },
            {
              "data": "0$0\"\\x06\\x08+\\x06\\x01\\x05\\x05\\x070\\x02\\x86\\x16http://e8.i.lencr.org/",
              "name": "authorityInfoAccess"
            },
            {
              "data": "0\\x15\\x82\\x13stu.med.ncku.edu.tw",
              "name": "subjectAltName"
            },
            {
              "data": "0\\n0\\x08\\x06\\x06g\\x81\\x0c\\x01\\x02\\x01",
              "name": "certificatePolicies"
            },
            {
              "data": "0$0\"\\xa0 \\xa0\\x1e\\x86\\x1chttp://e8.c.lencr.org/63.crl",
              "name": "crlDistributionPoints"
            },
            {
              "data": "\\x04\\x81\\xf3\\x00\\xf1\\x00w\\x00\\xcb8\\xf7\\x15\\x89|\\x84\\xa1D_[\\xc1\\xdd\\xfb\\xc9n\\xf2\\x9aY\\xcdG\\ni\\x05\\x85\\xb0\\xcb\\x14\\xc3\\x14X\\xe7\\x00\\x00\\x01\\x9b*u\\x9d2\\x00\\x00\\x04\\x03\\x00H0F\\x02!\\x00\\xd2#\\xbc\\xd7B\\x12\\x16\\x99\\xb5)\\xdd\\x05X\\xeb_\\x9e\\x91*\\xc46F\\xeb\\xf4Z\\x89+\\x879?\\xd2\\x85\\x10\\x02!\\x00\\xdbo\\xef,\\xb4|\\x7f\\r\\xc9\\x9c\\x88\\xb5\\xbc-\\x0e\\xd5bM\\'\\x1c\\xab\\x89\\xf7F\\xd6\\xf4\\xdc\\xbe\\xdb\\xa2\\x1a\\x99\\x00v\\x00\\xd1n\\xa9\\xa5h\\x07~f5\\xa0?7\\xa5\\xdd\\xbc\\x03\\xa5<A\\x12\\x14\\xd4\\x88\\x18\\xf5\\xe91\\xb3#\\xcb\\x95\\x04\\x00\\x00\\x01\\x9b*u\\x9d\\xfd\\x00\\x00\\x04\\x03\\x00G0E\\x02!\\x00\\xf3HJ#\\x1b+\\t\\xe2\\xaa]\\xf9\\xb69\\xaes\\xb8\\x7f\\x16\\x8cd\\xdf\\x91\\x05\\xafxHW\\xb1\\xf9\\xb9\\xd5\\xb7\\x02 G\\x16\\x14\\xb1\\xf8q{\\x11\\xc6\\x9d\\xbc9%\\xc0OR\\x0e\\x00\\xf50%\\xden\\xcd\\x8a\\xcb^I\\xc8O*\\x0b",
              "name": "ct_precert_scts"
            }
          ],
          "fingerprint": {
            "sha256": "64307216e66c58c8a7229ad009396b6b9d54004bd84dbc639d351059cefa3931",
            "sha1": "b63d6a70c43450da2c4f1a6d39259975a61e18fc"
          },
          "serial": 462756679699806122846876517313785107744958,
          "issuer": {
            "C": "US",
            "CN": "E8",
            "O": "Let's Encrypt"
          },
          "expired": false,
          "subject": {
            "CN": "stu.med.ncku.edu.tw"
          }
        },
        "cipher": {
          "version": "TLSv1.3",
          "bits": 256,
          "name": "TLS_AES_256_GCM_SHA384"
        },
        "trust": {
          "revoked": false,
          "browser": null
        },
        "handshake_states": [
          "before SSL initialization",
          "SSLv3/TLS write client hello",
          "SSLv3/TLS read server hello",
          "TLSv1.3 read encrypted extensions",
          "SSLv3/TLS read server certificate",
          "TLSv1.3 read server certificate verify",
          "SSLv3/TLS read finished",
          "SSLv3/TLS write change cipher spec",
          "SSLv3/TLS write finished",
          "SSL negotiation finished successfully"
        ],
        "ja3s": "574866101f64002c6421cc329e4d5458",
        "ocsp": {}
      },
      "hostnames": [
        "stu.med.ncku.edu.tw"
      ],
      "location": {
        "city": "Tainan",
        "region_code": "04",
        "area_code": null,
        "longitude": 120.21333,
        "latitude": 22.99083,
        "country_code": "TW",
        "country_name": "Taiwan"
      },
      "ip": 2356428001,
      "domains": [
        "ncku.edu.tw"
      ],
      "org": "Ministry of Education Computer Center",
      "data": "HTTP/1.1 200 OK\r\nServer: nginx\r\nDate: Wed, 21 Jan 2026 21:35:02 GMT\r\nContent-Type: text/html\r\nContent-Length: 0\r\nConnection: keep-alive\r\nKeep-Alive: timeout=20\r\nLast-Modified: Fri, 12 Jan 2024 15:24:02 GMT\r\nETag: \"0-60ec140ff5392\"\r\nAccept-Ranges: bytes\r\n\r\n",
      "port": 443,
      "ip_str": "140.116.60.225"
    },
    {
      "ip": 2356428001,
      "http": {
        "status": 200,
        "robots_hash": null,
        "redirects": [],
        "securitytxt": null,
        "title": "成大醫學系檔案伺服器",
        "sitemap_hash": null,
        "robots": null,
        "server": "nginx",
        "dom_hash": -961975336,
        "headers_hash": 641303095,
        "host": "140.116.60.225",
        "html": "<!DOCTYPE html>\n<html>\n<head>\n<meta http-equiv=\"Content-Type\" content=\"text/html; charset=utf-8\" />\n<meta http-equiv=\"X-UA-Compatible\" content=\"IE=11\" />\n<meta name=\"msapplication-TileImage\" content=\"resources/images/icon_tile.png?v=4398\" />\n<meta name=\"application-name\" content=\"成大醫學系檔案伺服器\" />\n<meta name=\"msapplication-TileColor\" content=\"#246BB3\"/>\n<meta name=\"description\" content=\"Synology NAS provides a full-featured network attached storage (NAS) solution to help you manage, backup and share data among Windows, Mac and Linux easily.\" />\n<meta name=\"keywords\" content=\"Multitasking,Web Application,Personal Cloud\" />\n<meta name=\"viewport\" content=\"\">\n\n<link rel=\"apple-touch-icon\" href=\"webman/resources/images/icon_dsm_96.png?v=40438\" />\n<link rel=\"mask-icon\" href=\"webman/safari_pin_icon.svg\" color=\"#0086E5\" />\n<link rel=\"icon\" href=\"webman/favicon.ico?v=40438\" />\n<link rel=\"icon\" href=\"webman/resources/images/icon_dsm_96.png?v=40438\" sizes=\"96x96\"/>\n<link rel=\"icon\" href=\"webman/resources/images/icon_dsm_64.png?v=40438\" sizes=\"64x64\"/>\n<link rel=\"icon\" href=\"webman/resources/images/icon_dsm_48.png?v=40438\" sizes=\"48x48\"/>\n<link rel=\"icon\" href=\"webman/resources/images/icon_dsm_32.png?v=40438\" sizes=\"32x32\"/>\n<link rel=\"icon\" href=\"webman/resources/images/icon_dsm_16.png?v=40438\" sizes=\"16x16\"/>\n<title>成大醫學系檔案伺服器</title>\n<link rel=\"stylesheet\" type=\"text/css\" href=\"webman/unsupported-browsers/dist/bundle.css?v=1711103609\" />\n<link rel=\"stylesheet\" type=\"text/css\" href=\"scripts/ext-3.4/resources/css/ext-all.css?v=1672898121\" />\n<link rel=\"stylesheet\" type=\"text/css\" href=\"scripts/syno-vue-components/style/syno-vue-components.css?v=1710467838\" />\n<link rel=\"stylesheet\" type=\"text/css\" href=\"scripts/scrollbar/flexcroll.css?v=1672898121\" />\n<link rel=\"stylesheet\" type=\"text/css\" href=\"scripts/ext-3/ux/ux-all.css?v=1672898121\" />\n<link rel=\"stylesheet\" type=\"text/css\" href=\"synoSDSjslib/sds.css?v=1715242943\" />\n<link rel=\"stylesheet\" type=\"text/css\" href=\"webman/desktop/dist/style.css?v=1711103609\" />\n<link rel=\"stylesheet\" type=\"text/css\" href=\"webman/sds/dist/style.css?v=1711103609\" />\n<link rel=\"stylesheet\" type=\"text/css\" href=\"webman/taskbar/dist/style.css?v=1711103609\" />\n<link rel=\"stylesheet\" type=\"text/css\" href=\"webman/login/dist/style.css?v=1711103609\" />\n<link rel=\"stylesheet\" type=\"text/css\" href=\"webman/resources/css/desktop.css?v=1711103609\" />\n<link rel=\"stylesheet\" type=\"text/css\" href=\"webman/modules/HelpBrowser/style.css?v=1725262674\" />\n<link rel=\"stylesheet\" type=\"text/css\" href=\"webman/modules/DSMNotify/style.css?v=1725262674\" />\n<link rel=\"stylesheet\" type=\"text/css\" href=\"webman/modules/SharingManager/style.css?v=1725262674\" />\n<link rel=\"stylesheet\" type=\"text/css\" href=\"webman/modules/ExternalDevices/style.css?v=1711103609\" />\n<link rel=\"stylesheet\" type=\"text/css\" href=\"webman/modules/TaskSchedulerUtils/style.css?v=1725262674\" />\n<link rel=\"stylesheet\" type=\"text/css\" href=\"webman/modules/PkgManApp/style.css?v=1725262674\" />\n<link rel=\"stylesheet\" type=\"text/css\" href=\"webman/modules/AdminCenter/style.css?v=1716892618\" />\n<link rel=\"stylesheet\" type=\"text/css\" href=\"webman/modules/TaskSchedulerWidget/style.css?v=1711103609\" />\n<link rel=\"stylesheet\" type=\"text/css\" href=\"webman/modules/DesktopProgress/style.css?v=1725262674\" />\n<link rel=\"stylesheet\" type=\"text/css\" href=\"webman/modules/ResetAdminApp/style.css?v=1711103609\" />\n<link rel=\"stylesheet\" type=\"text/css\" href=\"webman/modules/OTPWizard/style.css?v=1725262674\" />\n<link rel=\"stylesheet\" type=\"text/css\" href=\"webman/modules/FileChooser/style.css?v=1725262674\" />\n<link rel=\"stylesheet\" type=\"text/css\" href=\"webman/modules/C3/style.css?v=1711103609\" />\n<link rel=\"stylesheet\" type=\"text/css\" href=\"webman/modules/EnableNewUpdateSetting/style.css?v=1711103609\" />\n<link rel=\"stylesheet\" type=\"text/css\" href=\"webman/modules/PersonalSettings/style.css?v=1725262674\" />\n<link rel=\"stylesheet\" type=\"text/css\" href=\"webman/modules/Share/style.css?v=1725262674\" />\n<link rel=\"stylesheet\" type=\"text/css\" href=\"webman/modules/AudioPlayer/style.css?v=1725262674\" />\n<link rel=\"stylesheet\" type=\"text/css\" href=\"webman/modules/LogCenter/style.css?v=1702534287\" />\n<link rel=\"stylesheet\" type=\"text/css\" href=\"webman/modules/SupportForm/style.css?v=1725262674\" />\n<link rel=\"stylesheet\" type=\"text/css\" href=\"webman/modules/ResourceMonitor/style.css?v=1711103609\" />\n<link rel=\"stylesheet\" type=\"text/css\" href=\"webman/modules/BackgroundTaskMonitor/style.css?v=1725262674\" />\n<link rel=\"stylesheet\" type=\"text/css\" href=\"webman/modules/PhotoViewer/style.css?v=1725262674\" />\n<link rel=\"stylesheet\" type=\"text/css\" href=\"webman/modules/ClipBoardJS/style.css?v=1725262674\" />\n<link rel=\"stylesheet\" type=\"text/css\" href=\"webman/modules/MyDSCenter/style.css?v=1725262674\" />\n<link rel=\"stylesheet\" type=\"text/css\" href=\"webman/modules/Widgets/style.css?v=1711103609\" />\n<link rel=\"stylesheet\" type=\"text/css\" href=\"webman/modules/TinyMCE/style.css?v=1664290641\" />\n<link rel=\"stylesheet\" type=\"text/css\" href=\"webman/modules/VideoPlayer2/style.css?v=1672294400\" />\n<link rel=\"stylesheet\" type=\"text/css\" href=\"webman/modules/BandwidthControl/style.css?v=1634102886\" />\n<link rel=\"stylesheet\" type=\"text/css\" href=\"webman/modules/DiskMessageHandler/style.css?v=1711103609\" />\n<link rel=\"stylesheet\" type=\"text/css\" href=\"webman/modules/DataDrivenDocuments/style.css?v=1711103609\" />\n<link rel=\"stylesheet\" type=\"text/css\" href=\"webman/modules/SystemInfoApp/style.css?v=1711103609\" />\n<link rel=\"stylesheet\" type=\"text/css\" href=\"webman/modules/SecurityScan/style.css?v=1706586264\" />\n<link rel=\"stylesheet\" type=\"text/css\" href=\"webman/modules/ConfigBackup/style.css?v=1708596979\" />\n<link rel=\"stylesheet\" type=\"text/css\" href=\"webman/modules/UpdateMaskApp/style.css?v=1711103609\" />\n<link rel=\"stylesheet\" type=\"text/css\" href=\"webman/modules/Utils/style.css?v=1725262674\" />\n<link rel=\"stylesheet\" type=\"text/css\" href=\"webman/modules/HotkeyManager/style.css?v=1711103609\" />\n<link rel=\"stylesheet\" type=\"text/css\" href=\"webman/modules/PollingTask/style.css?v=1725262674\" />\n<link rel=\"stylesheet\" type=\"text/css\" href=\"webman/modules/WelcomeApp/style.css?v=1711103609\" />\n<link rel=\"stylesheet\" type=\"text/css\" href=\"webman/3rdparty/ContainerManager/style.css?v=1694161749\" />\n<link rel=\"stylesheet\" type=\"text/css\" href=\"webman/3rdparty/CloudSync/style.css?v=1726459903\" />\n<link rel=\"stylesheet\" type=\"text/css\" href=\"webman/3rdparty/StorageManager/style.css?v=1710317408\" />\n<link rel=\"stylesheet\" type=\"text/css\" href=\"webman/3rdparty/SnapshotReplication/style.css?v=1714726742\" />\n<link rel=\"stylesheet\" type=\"text/css\" href=\"webman/3rdparty/DNSServer/style.css?v=1679018126\" />\n<link rel=\"stylesheet\" type=\"text/css\" href=\"webman/3rdparty/CodecPack/style.css?v=1723542340\" />\n<link rel=\"stylesheet\" type=\"text/css\" href=\"webman/3rdparty/SupportService/style.css?v=1754645226\" />\n<link rel=\"stylesheet\" type=\"text/css\" href=\"webman/3rdparty/OAuthService/style.css?v=1678783966\" />\n<link rel=\"stylesheet\" type=\"text/css\" href=\"webman/3rdparty/FileTaskMonitor/style.css?v=1720167690\" />\n<link rel=\"stylesheet\" type=\"text/css\" href=\"webman/3rdparty/WebDAVServer/style.css?v=1767609616\" />\n<link rel=\"stylesheet\" type=\"text/css\" href=\"webman/3rdparty/DirectoryServerForWindowsDomain/style.css?v=1679278592\" />\n<link rel=\"stylesheet\" type=\"text/css\" href=\"webman/3rdparty/LogCenter/style.css?v=1724032996\" />\n<link rel=\"stylesheet\" type=\"text/css\" href=\"webman/3rdparty/SynologyPhotos/style.css?v=1729763488\" />\n<link rel=\"stylesheet\" type=\"text/css\" href=\"webman/3rdparty/SupportForm/style.css?v=1754645222\" />\n<link rel=\"stylesheet\" type=\"text/css\" href=\"webman/3rdparty/HybridShare/style.css?v=1720441379\" />\n<link rel=\"stylesheet\" type=\"text/css\" href=\"webman/3rdparty/SynologyApplicationService/style.css?v=1712835376\" />\n<link rel=\"stylesheet\" type=\"text/css\" href=\"webman/3rdparty/ScsiTarget/style.css?v=1692098608\" />\n<link rel=\"stylesheet\" type=\"text/css\" href=\"webman/3rdparty/SynoFinder/style.css?v=1722844906\" />\n<link rel=\"stylesheet\" type=\"text/css\" href=\"webman/3rdparty/FileBrowser/style.css?v=1720167699\" />\n<link rel=\"stylesheet\" type=\"text/css\" href=\"webman/3rdparty/SMBService/style.css?v=1728369688\" />\n<link rel=\"stylesheet\" type=\"text/css\" href=\"webman/3rdparty/WebStation/style.css?v=1691133416\" />\n<link rel=\"stylesheet\" type=\"text/css\" href=\"webman/3rdparty/ActiveInsight/style.css?v=1698985813\" />\n<link rel=\"stylesheet\" type=\"text/css\" href=\"webman/3rdparty/HyperBackup/style.css?v=1729762976\" />\n<link rel=\"stylesheet\" type=\"text/css\" href=\"webman/3rdparty/StorageAnalyzer/style.css?v=1679021496\" />\n\n</head>\n<body role=\"application\">\n<div id=\"sds-wallpaper\"></div>\n<!-- Don't contain any text node to avoid IE insertBefore bug -->\n<div id=\"sds-login-vue\"></div>\n<div id=\"framework-attach\"></div>\n<script type=\"text/javascript\" src=\"webapi/entry.cgi?api=SYNO.Core.Desktop.SessionData&version=1&method=getjs&SynoToken=&v=1723687827\"></script>\n<script type=\"text/javascript\" src=\"scripts/babel-polyfill/polyfill.js?v=1672898121\"></script>\n<script type=\"text/javascript\" src=\"scripts/synowebapi.js/synowebapi.min.js?v=1675322301\"></script>\n<script type=\"text/javascript\" src=\"scripts/synocredential.js/synocredential.min.js?v=1712744176\"></script>\n<script type=\"text/javascript\" src=\"webapi/entry.cgi?api=SYNO.Core.Desktop.Defs&version=1&method=getjs&v=1754545684\"></script>\n<script type=\"text/javascript\" src=\"webapi/entry.cgi?api=SYNO.Core.Desktop.JSUIString&version=1&method=getjs&lang=enu&v=1730857945\"></script>\n<script type=\"text/javascript\" src=\"webapi/entry.cgi?api=SYNO.Core.Desktop.UIString&version=1&method=getjs&lang=enu&v=1730857944\"></script>\n<script type=\"text/javascript\" src=\"webman/unsupported-browsers/dist/bundle.js?v=1711103609\"></script>\n<script type=\"text/javascript\" src=\"scripts/noise/noise-c.js?v=1672898121\"></script>\n<script type=\"text/javascript\" src=\"scripts/noise/constants.js?v=1672898121\"></script>\n<script type=\"text/javascript\" src=\"scripts/noise/index.js?v=1672898121\"></script>\n<script type=\"text/javascript\" src=\"scripts/noise/sodium.js?v=1672898121\"></script>\n<script type=\"text/javascript\" src=\"synoSDSjslib/dist/vendor.bundle.js?v=1715242943\"></script>\n<script type=\"text/javascript\" src=\"synoSDSjslib/dist/sds.bundle.js?v=1715242943\"></script>\n<script type=\"text/javascript\" src=\"scripts/vue/vue.min.js?v=1689132810\"></script>\n<script type=\"text/javascript\" src=\"scripts/vuex/vuex.min.js?v=1664290698\"></script>\n<script type=\"text/javascript\" src=\"scripts/vue-router/vue-router.min.js?v=1667901351\"></script>\n<script type=\"text/javascript\" src=\"scripts/syno-vue-components/syno-vue-components.min.js?v=1710467838\"></script>\n<script type=\"text/javascript\" src=\"webman/taskbar/dist/dsm.taskbar.bundle.js?v=1711103609\"></script>\n<script type=\"text/javascript\" src=\"webman/sds/dist/dsm.common.bundle.js?v=1711103609\"></script>\n<script type=\"text/javascript\" src=\"webman/desktop/dist/dsm.desktop.bundle.js?v=1711103609\"></script>\n<script type=\"text/javascript\" src=\"webman/sds/dist/dsm.sds.bundle.js?v=1711103609\"></script>\n<script type=\"text/javascript\" src=\"webman/login/dist/dsm.login.bundle.js?v=1711103609\"></script>\n<script type=\"text/javascript\" src=\"webman/entry/dist/dsm.entry.bundle.js?v=1711103609\"></script>\n\n<div class=\"pre-load-x-window-br\"></div>\n</body>\n<noscript>\n<div class='syno-no-script'>\n<div class='title align-center'>This page can't be displayed</div>\n<div class='desc align-center'>Please allow your browser to run JavaScript.</div>\n<div class='icon align-center'></div>\n</div>\n</noscript>\n</html>\n",
        "server_hash": -1340961475,
        "location": "/",
        "securitytxt_hash": null,
        "favicon": {
          "data": "iVBORw0KGgoAAAANSUhEUgAAADAAAAAwCAYAAABXAvmHAAAAAXNSR0IArs4c6QAABAVJREFUaAXt\nGktoE0H0zaZZTVoqtlWsH/CgVi2CtILiwUopVkURRS8iXrSi4EUPovZf0EMVe1EEsRcRQfBD0Yta\ne5BaP4gHtZaCh0rFQmsr2iYh33XeJjPZSXbT3cRgIvtgMzPvt+83b7PJEIiBoihE7pg6CopyBECp\nBAWKGC0nRgIzAGQQCOkOtJTcJIQoaBfBD/cFT3kw6LtNja/Fdc4DIX1Op+uQt7FwTMLI55XxGF0a\naLQZbSfO9skGiERu5HzU9QyUpGNStOb1qHmAo/tVUjdsHtiqb6JSSTOQY91G31J9LLWdZiC/wXbg\nX+fPzoCdgQwjYJdQhgHMWNzOQMYhzFBBgVY+0FamXSbNJzwKDIwG4dwzD3yZDCfRHRKBU5tdsL9S\nhnULC8DpSGLhCLntB59r73vg7jT0DPk5DSc7VsnQc7CY47SylkpoQSGBPatleHd8PqwqE61D458c\nLoaLdW6oKk9tPLdEZ9JY407CtmxNxjEmSw4wIbcToHOb+MaJkd+ynBIyhPWLHLCrYg7XgtGvXiwU\nCqfhRKBoUyNw0cXSeQ64vrsI6ldEjdy0TBBVy4bJND/3QtcrHwRC6msrQ5sem2pc8Hg4WkbNOhnR\nKjKdgW+/wnDiEX2vjkGJS32dZkuoKI07dO1t+sajwioa8Z008ttXyrBhSVwvv5lmYtoBlEEnjGB4\nMsRJJze6QC4QHeREk5MmGvlUtc/UCO5pu0GqcmLC2vHeYEDdvIjrqHWrF6MHqd8fx0OAPF0DPghH\njEvr4VAA9q4RI//gcwD2rZWZOmG0lAFBMmGBhr0YCSZgo0tsp9iZsENhp8KOZQQtdP94AnGqnyb2\nLG3bRvDXHMCo1t/6Ded7vfB+LAQYdT3AToUdywi+T0fg0ksvJ2MzGPlpoIxyCSXEpdKcoBOX+73q\npVWB++E0NRpLCwEfdMinBwp9ScdsNlTPBUxUpwEfk7WUAWyl6QC206tvfFxU27E4MjbB7eELKtBE\nSwmvGb/xfkER0xlgzwF2wylfasWMD0fMAHYmBtqOxXBsVGJq73wQv04weuJo6IC2IyUK4fr1aLxt\n4no2fuRhcJ92IyNgYaE/GxqxCHhLJcQkvbTZnHkaf6gxvJmx/2tIfUob8Zq0m4sbZoBzaCazfRvV\nsArTUATg03iYPgf8cIVu0FDYOLopHhGCTrYgztYJY22My8QopejtGFWzJWHiVgKLpQwIkgmLiNXQ\nJcinu0xrD6R7s2zI2Q5kI6pWdNoZsBKtbPDaGchGVK3o/A8yoP4DbsXnHOKlttMM0L/v8xbIoIRn\nD/LXftJN8O96uX2yN2/OSbBo0/MSgdbSOglPfeDBCZqJPkbL+TF22ANt579vqJnIw+M2fwDj0E01\nU+YhtQAAAABJRU5ErkJggg==\n",
          "hash": 163207293,
          "location": "https://140.116.60.225:5001/webman/favicon.ico?v=40438"
        },
        "sitemap": null,
        "html_hash": -1962690787
      },
      "port": 5001,
      "transport": "tcp",
      "location": {
        "city": "Tainan",
        "region_code": "04",
        "area_code": null,
        "longitude": 120.21333,
        "latitude": 22.99083,
        "country_code": "TW",
        "country_name": "Taiwan"
      },
      "product": "nginx",
      "hash": -1666702812,
      "timestamp": "2026-01-21T13:49:23.310370",
      "ssl": {
        "chain_sha256": [
          "64307216e66c58c8a7229ad009396b6b9d54004bd84dbc639d351059cefa3931",
          "83624fd338c8d9b023c18a67cb7a9c0519da43d11775b4c6cbdad45c3d997c52"
        ],
        "jarm": "27d27d27d29d27d00042d42d00000026a95928fa9b620834c2feff40bccb8f",
        "tlsext": [
          {
            "id": 43,
            "name": "supported_versions"
          },
          {
            "id": 51,
            "name": "key_share"
          },
          {
            "id": 0,
            "name": "server_name"
          }
        ],
        "chain": [
          "-----BEGIN CERTIFICATE-----\nMIIDkzCCAxqgAwIBAgISBU/rbqPQ8SeVWz3upi/3soi+MAoGCCqGSM49BAMDMDIx\nCzAJBgNVBAYTAlVTMRYwFAYDVQQKEw1MZXQncyBFbmNyeXB0MQswCQYDVQQDEwJF\nODAeFw0yNTEyMTcwMjU5NTlaFw0yNjAzMTcwMjU5NThaMB4xHDAaBgNVBAMTE3N0\ndS5tZWQubmNrdS5lZHUudHcwWTATBgcqhkjOPQIBBggqhkjOPQMBBwNCAASJ8k+W\n3cx9rvFeUEU+VOd9AaURPeyAdlkqXj356NSEmfQ83lRo/IAlXuftWOEqTNNBH4d8\nN+38lPf3lAKQsJAmo4ICIjCCAh4wDgYDVR0PAQH/BAQDAgeAMB0GA1UdJQQWMBQG\nCCsGAQUFBwMBBggrBgEFBQcDAjAMBgNVHRMBAf8EAjAAMB0GA1UdDgQWBBQVRbKI\nSvw7iULr4graQU2YlnUZ8jAfBgNVHSMEGDAWgBSPDROi9i5+0VBsMxg4XVmOI3KR\nyjAyBggrBgEFBQcBAQQmMCQwIgYIKwYBBQUHMAKGFmh0dHA6Ly9lOC5pLmxlbmNy\nLm9yZy8wHgYDVR0RBBcwFYITc3R1Lm1lZC5uY2t1LmVkdS50dzATBgNVHSAEDDAK\nMAgGBmeBDAECATAtBgNVHR8EJjAkMCKgIKAehhxodHRwOi8vZTguYy5sZW5jci5v\ncmcvNjMuY3JsMIIBBQYKKwYBBAHWeQIEAgSB9gSB8wDxAHcAyzj3FYl8hKFEX1vB\n3fvJbvKaWc1HCmkFhbDLFMMUWOcAAAGbKnWdMgAABAMASDBGAiEA0iO810ISFpm1\nKd0FWOtfnpEqxDZG6/RaiSuHOT/ShRACIQDbb+8stHx/DcmciLW8LQ7VYk0nHKuJ\n90bW9Ny+26IamQB2ANFuqaVoB35mNaA/N6XdvAOlPEESFNSIGPXpMbMjy5UEAAAB\nmyp1nf0AAAQDAEcwRQIhAPNISiMbKwniql35tjmuc7h/Foxk35EFr3hIV7H5udW3\nAiBHFhSx+HF7EcadvDklwE9SDgD1MCXebs2Ky15JyE8qCzAKBggqhkjOPQQDAwNn\nADBkAjAlYj2Rwnf/XxpRHXEHo2liZRlOQfg1GmU4IMcKU2e3hlY7RLCr91gZsbTo\nw9IHmlMCMHoKwKs7jtRkbz9svMsFkWwDNULEun7SDvHe3cfMicmihrCp9gtQiGPx\nf9dHmNXT0g==\n-----END CERTIFICATE-----\n",
          "-----BEGIN CERTIFICATE-----\nMIIEVjCCAj6gAwIBAgIQY5WTY8JOcIJxWRi/w9ftVjANBgkqhkiG9w0BAQsFADBP\nMQswCQYDVQQGEwJVUzEpMCcGA1UEChMgSW50ZXJuZXQgU2VjdXJpdHkgUmVzZWFy\nY2ggR3JvdXAxFTATBgNVBAMTDElTUkcgUm9vdCBYMTAeFw0yNDAzMTMwMDAwMDBa\nFw0yNzAzMTIyMzU5NTlaMDIxCzAJBgNVBAYTAlVTMRYwFAYDVQQKEw1MZXQncyBF\nbmNyeXB0MQswCQYDVQQDEwJFODB2MBAGByqGSM49AgEGBSuBBAAiA2IABNFl8l7c\nS7QMApzSsvru6WyrOq44ofTUOTIzxULUzDMMNMchIJBwXOhiLxxxs0LXeb5GDcHb\nR6EToMffgSZjO9SNHfY9gjMy9vQr5/WWOrQTZxh7az6NSNnq3u2ubT6HTKOB+DCB\n9TAOBgNVHQ8BAf8EBAMCAYYwHQYDVR0lBBYwFAYIKwYBBQUHAwIGCCsGAQUFBwMB\nMBIGA1UdEwEB/wQIMAYBAf8CAQAwHQYDVR0OBBYEFI8NE6L2Ln7RUGwzGDhdWY4j\ncpHKMB8GA1UdIwQYMBaAFHm0WeZ7tuXkAXOACIjIGlj26ZtuMDIGCCsGAQUFBwEB\nBCYwJDAiBggrBgEFBQcwAoYWaHR0cDovL3gxLmkubGVuY3Iub3JnLzATBgNVHSAE\nDDAKMAgGBmeBDAECATAnBgNVHR8EIDAeMBygGqAYhhZodHRwOi8veDEuYy5sZW5j\nci5vcmcvMA0GCSqGSIb3DQEBCwUAA4ICAQBnE0hGINKsCYWi0Xx1ygxD5qihEjZ0\nRI3tTZz1wuATH3ZwYPIp97kWEayanD1j0cDhIYzy4CkDo2jB8D5t0a6zZWzlr98d\nAQFNh8uKJkIHdLShy+nUyeZxc5bNeMp1Lu0gSzE4McqfmNMvIpeiwWSYO9w82Ob8\notvXcO2JUYi3svHIWRm3+707DUbL51XMcY2iZdlCq4Wa9nbuk3WTU4gr6LY8MzVA\naDQG2+4U3eJ6qUF10bBnR1uuVyDYs9RhrwucRVnfuDj29CMLTsplM5f5wSV5hUpm\nUwp/vV7M4w4aGunt74koX71n4EdagCsL/Yk5+mAQU0+tue0JOfAV/R6t1k+Xk9s2\nHMQFeoxppfzAVC04FdG9M+AC2JWxmFSt6BCuh3CEey3fE52Qrj9YM75rtvIjsm/1\nHl+u//Wqxnu1ZQ4jpa+VpuZiGOlWrqSP9eogdOhCGisnyewWJwRQOqK16wiGyZeR\nxs/Bekw65vwSIaVkBruPiTfMOo0Zh4gVa8/qJgMbJbyrwwG97z/PRgmLKCDl8z3d\ntA0Z7qq7fta0Gl24uyuB05dqI5J1LvAzKuWdIjT1tP8qCoxSE/xpix8hX2dt3h+/\njujUgFPFZ0EVZ0xSyBNRF3MboGZnYXFUxpNjTWPKpagDHJQmqrAcDmWJnMsFY3jS\nu1igv3OefnWjSQ==\n-----END CERTIFICATE-----\n"
        ],
        "versions": [],
        "acceptable_cas": [],
        "alpn": [],
        "cert": {
          "sig_alg": "ecdsa-with-SHA384",
          "issued": "20251217025959Z",
          "expires": "20260317025958Z",
          "pubkey": {
            "bits": 256,
            "type": "dsa"
          },
          "version": 2,
          "extensions": [
            {
              "critical": true,
              "data": "\\x03\\x02\\x07\\x80",
              "name": "keyUsage"
            },
            {
              "data": "0\\x14\\x06\\x08+\\x06\\x01\\x05\\x05\\x07\\x03\\x01\\x06\\x08+\\x06\\x01\\x05\\x05\\x07\\x03\\x02",
              "name": "extendedKeyUsage"
            },
            {
              "critical": true,
              "data": "0\\x00",
              "name": "basicConstraints"
            },
            {
              "data": "\\x04\\x14\\x15E\\xb2\\x88J\\xfc;\\x89B\\xeb\\xe2\\n\\xdaAM\\x98\\x96u\\x19\\xf2",
              "name": "subjectKeyIdentifier"
            },
            {
              "data": "0\\x16\\x80\\x14\\x8f\\r\\x13\\xa2\\xf6.~\\xd1Pl3\\x188]Y\\x8e#r\\x91\\xca",
              "name": "authorityKeyIdentifier"
            },
            {
              "data": "0$0\"\\x06\\x08+\\x06\\x01\\x05\\x05\\x070\\x02\\x86\\x16http://e8.i.lencr.org/",
              "name": "authorityInfoAccess"
            },
            {
              "data": "0\\x15\\x82\\x13stu.med.ncku.edu.tw",
              "name": "subjectAltName"
            },
            {
              "data": "0\\n0\\x08\\x06\\x06g\\x81\\x0c\\x01\\x02\\x01",
              "name": "certificatePolicies"
            },
            {
              "data": "0$0\"\\xa0 \\xa0\\x1e\\x86\\x1chttp://e8.c.lencr.org/63.crl",
              "name": "crlDistributionPoints"
            },
            {
              "data": "\\x04\\x81\\xf3\\x00\\xf1\\x00w\\x00\\xcb8\\xf7\\x15\\x89|\\x84\\xa1D_[\\xc1\\xdd\\xfb\\xc9n\\xf2\\x9aY\\xcdG\\ni\\x05\\x85\\xb0\\xcb\\x14\\xc3\\x14X\\xe7\\x00\\x00\\x01\\x9b*u\\x9d2\\x00\\x00\\x04\\x03\\x00H0F\\x02!\\x00\\xd2#\\xbc\\xd7B\\x12\\x16\\x99\\xb5)\\xdd\\x05X\\xeb_\\x9e\\x91*\\xc46F\\xeb\\xf4Z\\x89+\\x879?\\xd2\\x85\\x10\\x02!\\x00\\xdbo\\xef,\\xb4|\\x7f\\r\\xc9\\x9c\\x88\\xb5\\xbc-\\x0e\\xd5bM\\'\\x1c\\xab\\x89\\xf7F\\xd6\\xf4\\xdc\\xbe\\xdb\\xa2\\x1a\\x99\\x00v\\x00\\xd1n\\xa9\\xa5h\\x07~f5\\xa0?7\\xa5\\xdd\\xbc\\x03\\xa5<A\\x12\\x14\\xd4\\x88\\x18\\xf5\\xe91\\xb3#\\xcb\\x95\\x04\\x00\\x00\\x01\\x9b*u\\x9d\\xfd\\x00\\x00\\x04\\x03\\x00G0E\\x02!\\x00\\xf3HJ#\\x1b+\\t\\xe2\\xaa]\\xf9\\xb69\\xaes\\xb8\\x7f\\x16\\x8cd\\xdf\\x91\\x05\\xafxHW\\xb1\\xf9\\xb9\\xd5\\xb7\\x02 G\\x16\\x14\\xb1\\xf8q{\\x11\\xc6\\x9d\\xbc9%\\xc0OR\\x0e\\x00\\xf50%\\xden\\xcd\\x8a\\xcb^I\\xc8O*\\x0b",
              "name": "ct_precert_scts"
            }
          ],
          "fingerprint": {
            "sha256": "64307216e66c58c8a7229ad009396b6b9d54004bd84dbc639d351059cefa3931",
            "sha1": "b63d6a70c43450da2c4f1a6d39259975a61e18fc"
          },
          "serial": 462756679699806122846876517313785107744958,
          "issuer": {
            "C": "US",
            "CN": "E8",
            "O": "Let's Encrypt"
          },
          "expired": false,
          "subject": {
            "CN": "stu.med.ncku.edu.tw"
          }
        },
        "cipher": {
          "version": "TLSv1.3",
          "bits": 256,
          "name": "TLS_AES_256_GCM_SHA384"
        },
        "trust": {
          "revoked": false,
          "browser": null
        },
        "handshake_states": [
          "before SSL initialization",
          "SSLv3/TLS write client hello",
          "SSLv3/TLS read server hello",
          "TLSv1.3 read encrypted extensions",
          "SSLv3/TLS read server certificate",
          "TLSv1.3 read server certificate verify",
          "SSLv3/TLS read finished",
          "SSLv3/TLS write change cipher spec",
          "SSLv3/TLS write finished",
          "SSL negotiation finished successfully"
        ],
        "ja3s": "574866101f64002c6421cc329e4d5458",
        "ocsp": {}
      },
      "hostnames": [
        "stu.med.ncku.edu.tw"
      ],
      "org": "Ministry of Education Computer Center",
      "data": "HTTP/1.1 200 OK\r\nServer: nginx\r\nDate: Wed, 21 Jan 2026 13:49:23 GMT\r\nContent-Type: text/html; charset=\"UTF-8\"\r\nTransfer-Encoding: chunked\r\nConnection: keep-alive\r\nKeep-Alive: timeout=20\r\nVary: Accept-Encoding\r\nCache-control: no-store\r\nX-Content-Type-Options: nosniff\r\nX-XSS-Protection: 1; mode=block\r\nX-Frame-Options: SAMEORIGIN\r\nP3P: CP=\"IDC DSP COR ADM DEVi TAIi PSA PSD IVAi IVDi CONi HIS OUR IND CNT\"\r\nContent-Security-Policy: base-uri 'self';  connect-src data: ws: wss: http: https:; default-src 'self' 'unsafe-eval' data: blob: https://*.synology.com https://www.synology.cn/ https://help.synology.cn/; font-src 'self' data: https://*.googleapis.com https://*.gstatic.com; form-action 'self'; frame-ancestors 'self'; frame-src 'self' data: blob: https://*.synology.com https://*.synology.cn; img-src 'self' data: blob: https://*.google.com https://*.googleapis.com http://*.googlecode.com https://*.gstatic.com https://global.download.synology.com; media-src 'self' data: about: https://*.synology.com https://help.synology.cn;  script-src 'self' 'unsafe-eval' data: blob: https://maps.google.com https://maps.googleapis.com https://ajax.googleapis.com https://help.synology.com https://help.synology.cn; style-src 'self' 'unsafe-inline' https://*.googleapis.com;\r\n\r\n\nSynology DiskStation Manager (DSM):\n  Version: 7.2.2-72806\n  Hostname: Medserver\n  Custom Login Title: 成大醫學系檔案伺服器\n  Login Welcome Title: 伺服器相關訊息請專注成醫系學會粉專\n  Login Welcome Message: 有問題請參照下方使用說明\n",
      "asn": "AS1659",
      "cpe23": [
        "cpe:2.3:a:f5:nginx",
        "cpe:2.3:a:synology:diskstation_manager:7.2.2-72806"
      ],
      "isp": "Taiwan Academic Network (TANet) Information Center",
      "cpe": [
        "cpe:/a:f5:nginx",
        "cpe:/a:synology:diskstation_manager:7.2.2-72806"
      ],
      "synology_dsm": {
        "login_welcome_msg": "有問題請參照下方使用說明",
        "hostname": "Medserver",
        "login_welcome_title": "伺服器相關訊息請專注成醫系學會粉專",
        "custom_login_title": "成大醫學系檔案伺服器"
      },
      "domains": [
        "ncku.edu.tw"
      ],
      "ip_str": "140.116.60.225",
      "os": "Synology DiskStation Manager (DSM) 7.2.2-72806",
      "_shodan": {
        "region": "na",
        "module": "https-simple-new",
        "ptr": true,
        "options": {},
        "id": "5f3cbf5b-5358-49a6-a46a-812b862682cb",
        "crawler": "6d3ed9d6b8f837a126ee7cc6b0653be94de51626"
      }
    }
  ]
}